=== Timestamp audit: campaign otono_2026 ===
Export gate:
  observationType over 9906 row(s):
      blank             7552
      animal            1749
      human              582
      vehicle             23
    verdict: full_category_sweep

Reviewed rows:                      1785
  Clean (no repair needed):         1648
  Repaired (exact anchor):          0
  Repaired (approximate anchor):    0
  Unrepairable:                     137
  Unparseable datetime:             0
  Stations with unknowable effort:  1

── Stations with a clock failure ──────────────────────────────────────────────
  CT18 — 312 still(s), 0 video(s) excluded, 0 unparseable, 2 anchor(s)
    capture order: established (evidence: counter)
    deployment window: 2025-11-11 12:00 → 2026-05-18 12:10
    segments: 5
      [0]    10 frame(s)  2025-11-19 06:41 → 2025-11-28 15:42  coherent  in-window
            → no_anchor_in_segment  date=F tod=F
      [1]    32 frame(s)  2017-01-01 00:00 → 2017-01-19 07:53  coherent  OUT-OF-WINDOW
            → no_anchor_in_segment  date=F tod=F
      [2]    40 frame(s)  2017-01-01 00:00 → 2017-01-13 23:20  coherent  OUT-OF-WINDOW
            → no_anchor_in_segment  date=F tod=F
      [3]     3 frame(s)  2017-01-01 00:00 → 2017-01-01 00:00  coherent  OUT-OF-WINDOW
            → no_anchor_in_segment  date=F tod=F
      [4]   227 frame(s)  2017-01-01 00:00 → 2017-04-02 19:48  INCOHERENT  OUT-OF-WINDOW
            → segment_incoherent:filename_mmdd_disagrees_with_datetime  date=F tod=F
    unaccounted_days: 55.5 (AUDIT DIAGNOSTIC ONLY — never a criterion)
    valid_effort: FALSE — exclude this station from rate DENOMINATORS as well as numerators
    reviewed rows by method: {'segment_incoherent:filename_mmdd_disagrees_with_datetime': 111, 'no_anchor_in_segment': 26}

Stations with a clean clock (26): CT01, CT02, CT03, CT04, CT05, CT06, CT07, CT08, CT09, CT10, CT11, CT12, CT13, CT14, CT15, CT16, CT17, CT19, CT20, CT21, CT22, CT23, CT24, CT25, CT26, CT27
  of which 3 could not be ordered but show no clock failure (CT08, CT15, CT27) — every frame is in-window and agrees with its own filename, so there is no reset to attribute

── Capture-order evidence, all 27 station(s) ────────────────────────────────────────
  dcim_manifest+counter    4 station(s)  CT14, CT20, CT23, CT24
  counter                 23 station(s)  CT01, CT02, CT03, CT04, CT05, CT06, CT07, CT08, CT09, CT10, CT11, CT12, CT13, CT15, CT16, CT17, CT18, CT19, CT21, CT22, CT25, CT26, CT27
  DCIM manifest covers 4 of 27 station(s); the rest are ordered from the filename counter alone, which is sufficient unless it collides
  order NOT established for 3: CT08, CT15, CT27 — see scripts/verify_order.py, and 4B.3: this does not condemn a camera

Notes and warnings:
  ! CT08: 88 colliding filename counter(s) and no DCIM manifest — the counter is per-folder and wraps at 999, so capture order is not recoverable from filenames alone
  ! CT08: capture order not established, but no clock failure is detectable: every frame is in-window and agrees with its own filename
  ! CT15: 166 colliding filename counter(s) and no DCIM manifest — the counter is per-folder and wraps at 999, so capture order is not recoverable from filenames alone
  ! CT15: capture order not established, but no clock failure is detectable: every frame is in-window and agrees with its own filename
  ! CT18: 166/312 frame(s) disagree between filename MMDD and DateTime — the date registers are corrupt, so the clock may not tick coherently even within a segment
  ! CT18: 302 frame(s) fall outside the deployment window
  ! CT18: anchor install (camera time 2025-11-14 14:00:00) falls inside no segment, so it corroborates nothing
  ! CT18: segment(s) [0, 1, 2, 3, 4] have unknown dates, so the station contributes no effort at all — exclude it from rate denominators, not just numerators
  ! CT18: 55.5 day(s) of the deployment window are unaccounted for by any segment (diagnostic only)
  ! CT27: 1 filename(s) do not match the MMDD+counter grammar, so no counter order can be derived from them
  ! CT27: capture order not established, but no clock failure is detectable: every frame is in-window and agrees with its own filename
