=== Timestamp audit: campaign otono_2025 ===
Export gate:
  observationType over 8997 row(s):
      blank             7602
      animal             818
      human              478
      vehicle             99
    verdict: full_category_sweep

Reviewed rows:                      830
  Clean (no repair needed):         460
  Repaired (exact anchor):          0
  Repaired (approximate anchor):    38
  Unrepairable:                     332
  Unparseable datetime:             0
  Stations with unknowable effort:  6

── Stations with a clock failure ──────────────────────────────────────────────
  CT08 — 229 still(s), 0 video(s) excluded, 0 unparseable, 0 anchor(s)
    capture order: established (evidence: counter)
    deployment window: 2024-10-06 15:40 → 2025-06-08 12:00
    segments: 2
      [0]    42 frame(s)  2024-09-09 15:54 → 2024-10-04 04:02  coherent  OUT-OF-WINDOW
            → no_anchor_in_segment  date=F tod=F
      [1]   187 frame(s)  2024-10-10 17:58 → 2025-05-06 16:15  coherent  in-window
            → no_anchor_in_segment  date=F tod=F
    unaccounted_days: 12.41 (AUDIT DIAGNOSTIC ONLY — never a criterion)
    valid_effort: FALSE — exclude this station from rate DENOMINATORS as well as numerators
    reviewed rows by method: {'no_anchor_in_segment': 32}
  CT10 — 285 still(s), 0 video(s) excluded, 0 unparseable, 0 anchor(s)
    capture order: established (evidence: counter)
    deployment window: 2024-10-06 15:00 → 2025-05-31 12:00
    segments: 2
      [0]   276 frame(s)  2024-10-09 15:55 → 2025-05-21 19:31  coherent  in-window
            → no_anchor_in_segment  date=F tod=F
      [1]     9 frame(s)  2025-06-03 14:15 → 2025-06-05 16:32  coherent  OUT-OF-WINDOW
            → no_anchor_in_segment  date=F tod=F
    unaccounted_days: 10.63 (AUDIT DIAGNOSTIC ONLY — never a criterion)
    valid_effort: FALSE — exclude this station from rate DENOMINATORS as well as numerators
    reviewed rows by method: {'no_anchor_in_segment': 167}
  CT13 — 54 still(s), 0 video(s) excluded, 0 unparseable, 0 anchor(s)
    capture order: established (evidence: counter)
    deployment window: 2024-10-19 16:54 → 2025-06-01 12:00
    segments: 2
      [0]    37 frame(s)  2024-10-22 16:52 → 2025-02-28 05:56  coherent  in-window
            → no_anchor_in_segment  date=F tod=F
      [1]    17 frame(s)  2025-02-28 04:56 → 2025-05-29 14:03  coherent  in-window
            → no_anchor_in_segment  date=F tod=F
    unaccounted_days: 5.87 (AUDIT DIAGNOSTIC ONLY — never a criterion)
    valid_effort: FALSE — exclude this station from rate DENOMINATORS as well as numerators
    reviewed rows by method: {'no_anchor_in_segment': 10}
  CT15 — 195 still(s), 0 video(s) excluded, 0 unparseable, 1 anchor(s)
    capture order: established (evidence: counter)
    deployment window: 2025-01-06 13:09 → 2025-06-12 12:00
    segments: 14
      [0]    15 frame(s)  2025-01-10 15:07 → 2025-01-11 17:50  coherent  in-window
            → no_anchor_in_segment  date=F tod=F
      [1]     3 frame(s)  2017-01-01 00:00 → 2017-01-01 00:00  coherent  OUT-OF-WINDOW
            → no_anchor_in_segment  date=F tod=F
      [2]    27 frame(s)  2017-01-01 00:00 → 2017-01-07 03:01  coherent  OUT-OF-WINDOW
            → no_anchor_in_segment  date=F tod=F
      [3]     6 frame(s)  2017-01-01 00:00 → 2017-01-01 02:38  coherent  OUT-OF-WINDOW
            → no_anchor_in_segment  date=F tod=F
      [4]     3 frame(s)  2017-01-01 00:00 → 2017-01-01 00:00  coherent  OUT-OF-WINDOW
            → no_anchor_in_segment  date=F tod=F
      [5]    30 frame(s)  2017-01-01 00:00 → 2017-01-09 23:34  INCOHERENT  OUT-OF-WINDOW
            → segment_incoherent:filename_mmdd_disagrees_with_datetime  date=F tod=F
      [6]    12 frame(s)  2017-01-01 00:00 → 2017-01-01 17:20  INCOHERENT  OUT-OF-WINDOW
            → segment_incoherent:filename_mmdd_disagrees_with_datetime  date=F tod=F
      [7]     3 frame(s)  2017-01-01 00:00 → 2017-01-01 00:00  coherent  OUT-OF-WINDOW
            → no_anchor_in_segment  date=F tod=F
      [8]     9 frame(s)  2017-01-01 00:00 → 2017-01-02 22:49  coherent  OUT-OF-WINDOW
            → no_anchor_in_segment  date=F tod=F
      [9]     9 frame(s)  2017-01-01 00:00 → 2017-01-02 20:44  INCOHERENT  OUT-OF-WINDOW
            → segment_incoherent:filename_mmdd_disagrees_with_datetime  date=F tod=F
      [10]     9 frame(s)  2017-01-01 00:00 → 2017-01-09 14:46  coherent  OUT-OF-WINDOW
            → no_anchor_in_segment  date=F tod=F
      [11]     6 frame(s)  2017-01-01 00:00 → 2017-01-07 22:45  coherent  OUT-OF-WINDOW
            → no_anchor_in_segment  date=F tod=F
      [12]     3 frame(s)  2017-01-01 00:00 → 2017-01-01 00:00  coherent  OUT-OF-WINDOW
            → no_anchor_in_segment  date=F tod=F
      [13]    60 frame(s)  2017-01-01 00:00 → 2017-03-30 00:43  coherent  OUT-OF-WINDOW
            → offset_from_last_real_proxy  date=T tod=F  offset=2993 days, 15:03:01  anchor=technician_photo_next_campaign
    unaccounted_days: 32.49 (AUDIT DIAGNOSTIC ONLY — never a criterion)
    valid_effort: FALSE — exclude this station from rate DENOMINATORS as well as numerators
    reviewed rows by method: {'offset_from_last_real_proxy': 31, 'no_anchor_in_segment': 16, 'segment_incoherent:filename_mmdd_disagrees_with_datetime': 4}
  CT16 — 72 still(s), 0 video(s) excluded, 0 unparseable, 1 anchor(s)
    capture order: established (evidence: counter)
    deployment window: 2025-01-06 14:08 → 2025-06-12 12:00
    segments: 9
      [0]     6 frame(s)  2025-01-09 14:18 → 2025-01-09 14:19  coherent  in-window
            → no_anchor_in_segment  date=F tod=F
      [1]     3 frame(s)  2017-01-01 00:00 → 2017-01-01 00:00  coherent  OUT-OF-WINDOW
            → no_anchor_in_segment  date=F tod=F
      [2]     6 frame(s)  2017-01-01 00:00 → 2017-01-07 23:43  coherent  OUT-OF-WINDOW
            → no_anchor_in_segment  date=F tod=F
      [3]    15 frame(s)  2017-01-01 00:00 → 2017-01-09 19:26  INCOHERENT  OUT-OF-WINDOW
            → segment_incoherent:filename_mmdd_disagrees_with_datetime  date=F tod=F
      [4]     6 frame(s)  2017-01-01 00:00 → 2017-01-01 18:12  INCOHERENT  OUT-OF-WINDOW
            → segment_incoherent:filename_mmdd_disagrees_with_datetime  date=F tod=F
      [5]     6 frame(s)  2017-01-01 00:00 → 2017-01-03 08:52  INCOHERENT  OUT-OF-WINDOW
            → segment_incoherent:filename_mmdd_disagrees_with_datetime  date=F tod=F
      [6]     3 frame(s)  2017-01-01 00:00 → 2017-01-01 00:00  coherent  OUT-OF-WINDOW
            → no_anchor_in_segment  date=F tod=F
      [7]     6 frame(s)  2017-01-01 00:00 → 2017-01-01 10:51  coherent  OUT-OF-WINDOW
            → no_anchor_in_segment  date=F tod=F
      [8]    21 frame(s)  2017-01-01 00:00 → 2017-04-10 06:42  coherent  OUT-OF-WINDOW
            → offset_from_last_real_proxy  date=T tod=F  offset=2982 days, 9:37:26  anchor=technician_photo_next_campaign
    unaccounted_days: 38.25 (AUDIT DIAGNOSTIC ONLY — never a criterion)
    valid_effort: FALSE — exclude this station from rate DENOMINATORS as well as numerators
    reviewed rows by method: {'offset_from_last_real_proxy': 7, 'segment_incoherent:filename_mmdd_disagrees_with_datetime': 2}
  CT19 — 373 still(s), 0 video(s) excluded, 0 unparseable, 1 anchor(s)
    capture order: established (evidence: counter)
    deployment window: 2025-01-27 14:12 → 2025-06-08 12:00
    segments: 68
      [0]    23 frame(s)  2017-01-01 00:04 → 2017-01-06 00:28  INCOHERENT  OUT-OF-WINDOW
            → unrepairable_pending_anchor  date=F tod=F
      [1]     4 frame(s)  2017-01-01 00:00 → 2017-01-01 19:08  INCOHERENT  OUT-OF-WINDOW
            → unrepairable_pending_anchor  date=F tod=F
      [2]     4 frame(s)  2017-01-01 00:00 → 2017-01-02 17:26  INCOHERENT  OUT-OF-WINDOW
            → unrepairable_pending_anchor  date=F tod=F
      [3]     2 frame(s)  2017-01-01 00:00 → 2017-01-01 00:00  coherent  OUT-OF-WINDOW
            → unrepairable_pending_anchor  date=F tod=F
      [4]    16 frame(s)  2017-01-01 00:00 → 2017-01-06 00:05  INCOHERENT  OUT-OF-WINDOW
            → unrepairable_pending_anchor  date=F tod=F
      [5]     2 frame(s)  2017-01-01 00:00 → 2017-01-01 00:00  coherent  OUT-OF-WINDOW
            → unrepairable_pending_anchor  date=F tod=F
      [6]     2 frame(s)  2017-01-01 00:00 → 2017-01-01 00:00  coherent  OUT-OF-WINDOW
            → unrepairable_pending_anchor  date=F tod=F
      [7]     2 frame(s)  2017-01-01 00:00 → 2017-01-01 00:00  coherent  OUT-OF-WINDOW
            → unrepairable_pending_anchor  date=F tod=F
      [8]     2 frame(s)  2017-01-01 00:00 → 2017-01-01 00:00  coherent  OUT-OF-WINDOW
            → unrepairable_pending_anchor  date=F tod=F
      [9]     2 frame(s)  2017-01-01 00:00 → 2017-01-01 00:00  coherent  OUT-OF-WINDOW
            → unrepairable_pending_anchor  date=F tod=F
      [10]     2 frame(s)  2017-01-01 00:00 → 2017-01-01 00:00  coherent  OUT-OF-WINDOW
            → unrepairable_pending_anchor  date=F tod=F
      [11]     4 frame(s)  2017-01-01 00:00 → 2017-01-01 18:09  coherent  OUT-OF-WINDOW
            → unrepairable_pending_anchor  date=F tod=F
      [12]     2 frame(s)  2017-01-01 00:00 → 2017-01-01 00:00  coherent  OUT-OF-WINDOW
            → unrepairable_pending_anchor  date=F tod=F
      [13]     2 frame(s)  2017-01-01 00:00 → 2017-01-01 00:00  coherent  OUT-OF-WINDOW
            → unrepairable_pending_anchor  date=F tod=F
      [14]     2 frame(s)  2017-01-01 00:00 → 2017-01-01 00:00  coherent  OUT-OF-WINDOW
            → unrepairable_pending_anchor  date=F tod=F
      [15]     2 frame(s)  2017-01-01 00:00 → 2017-01-01 00:00  coherent  OUT-OF-WINDOW
            → unrepairable_pending_anchor  date=F tod=F
      [16]     2 frame(s)  2017-01-01 00:00 → 2017-01-01 00:00  coherent  OUT-OF-WINDOW
            → unrepairable_pending_anchor  date=F tod=F
      [17]     2 frame(s)  2017-01-01 00:00 → 2017-01-01 00:00  coherent  OUT-OF-WINDOW
            → unrepairable_pending_anchor  date=F tod=F
      [18]    14 frame(s)  2017-01-01 00:00 → 2017-01-01 20:37  INCOHERENT  OUT-OF-WINDOW
            → unrepairable_pending_anchor  date=F tod=F
      [19]     2 frame(s)  2017-01-01 00:00 → 2017-01-01 00:00  coherent  OUT-OF-WINDOW
            → unrepairable_pending_anchor  date=F tod=F
      [20]     4 frame(s)  2017-01-01 00:00 → 2017-01-01 17:31  coherent  OUT-OF-WINDOW
            → unrepairable_pending_anchor  date=F tod=F
      [21]     2 frame(s)  2017-01-01 00:00 → 2017-01-01 00:00  coherent  OUT-OF-WINDOW
            → unrepairable_pending_anchor  date=F tod=F
      [22]     2 frame(s)  2017-01-01 00:00 → 2017-01-01 00:00  coherent  OUT-OF-WINDOW
            → unrepairable_pending_anchor  date=F tod=F
      [23]     2 frame(s)  2017-01-01 00:00 → 2017-01-01 00:00  coherent  OUT-OF-WINDOW
            → unrepairable_pending_anchor  date=F tod=F
      [24]     2 frame(s)  2017-01-01 00:00 → 2017-01-01 00:00  coherent  OUT-OF-WINDOW
            → unrepairable_pending_anchor  date=F tod=F
      [25]     2 frame(s)  2017-01-01 00:00 → 2017-01-01 00:00  coherent  OUT-OF-WINDOW
            → unrepairable_pending_anchor  date=F tod=F
      [26]     6 frame(s)  2017-01-01 00:00 → 2017-01-01 20:00  INCOHERENT  OUT-OF-WINDOW
            → unrepairable_pending_anchor  date=F tod=F
      [27]     2 frame(s)  2017-01-01 00:00 → 2017-01-01 00:00  coherent  OUT-OF-WINDOW
            → unrepairable_pending_anchor  date=F tod=F
      [28]     2 frame(s)  2017-01-01 00:00 → 2017-01-01 00:00  coherent  OUT-OF-WINDOW
            → unrepairable_pending_anchor  date=F tod=F
      [29]     4 frame(s)  2017-01-01 00:00 → 2017-01-02 10:23  coherent  OUT-OF-WINDOW
            → unrepairable_pending_anchor  date=F tod=F
      [30]    11 frame(s)  2017-01-01 00:00 → 2017-01-03 21:47  coherent  OUT-OF-WINDOW
            → unrepairable_pending_anchor  date=F tod=F
      [31]     2 frame(s)  2017-01-01 00:00 → 2017-01-01 00:00  coherent  OUT-OF-WINDOW
            → unrepairable_pending_anchor  date=F tod=F
      [32]     2 frame(s)  2017-01-01 00:00 → 2017-01-01 00:00  coherent  OUT-OF-WINDOW
            → unrepairable_pending_anchor  date=F tod=F
      [33]     2 frame(s)  2017-01-01 00:00 → 2017-01-01 00:00  coherent  OUT-OF-WINDOW
            → unrepairable_pending_anchor  date=F tod=F
      [34]     2 frame(s)  2017-01-01 00:00 → 2017-01-01 00:00  coherent  OUT-OF-WINDOW
            → unrepairable_pending_anchor  date=F tod=F
      [35]    20 frame(s)  2017-01-01 00:00 → 2017-01-03 06:05  coherent  OUT-OF-WINDOW
            → unrepairable_pending_anchor  date=F tod=F
      [36]    16 frame(s)  2017-01-01 00:00 → 2017-01-01 15:20  coherent  OUT-OF-WINDOW
            → unrepairable_pending_anchor  date=F tod=F
      [37]    17 frame(s)  2017-01-01 00:00 → 2017-01-04 08:15  coherent  OUT-OF-WINDOW
            → unrepairable_pending_anchor  date=F tod=F
      [38]     6 frame(s)  2017-01-01 00:00 → 2017-01-01 00:04  coherent  OUT-OF-WINDOW
            → unrepairable_pending_anchor  date=F tod=F
      [39]     8 frame(s)  2017-01-01 00:00 → 2017-01-01 01:56  coherent  OUT-OF-WINDOW
            → unrepairable_pending_anchor  date=F tod=F
      [40]     2 frame(s)  2017-01-01 00:00 → 2017-01-01 00:00  coherent  OUT-OF-WINDOW
            → unrepairable_pending_anchor  date=F tod=F
      [41]    17 frame(s)  2017-01-01 00:00 → 2017-01-03 08:13  coherent  OUT-OF-WINDOW
            → unrepairable_pending_anchor  date=F tod=F
      [42]    34 frame(s)  2017-01-01 00:00 → 2017-01-01 10:13  coherent  OUT-OF-WINDOW
            → unrepairable_pending_anchor  date=F tod=F
      [43]     4 frame(s)  2017-01-01 00:00 → 2017-01-01 00:04  coherent  OUT-OF-WINDOW
            → unrepairable_pending_anchor  date=F tod=F
      [44]     6 frame(s)  2017-01-01 00:00 → 2017-01-01 01:43  coherent  OUT-OF-WINDOW
            → unrepairable_pending_anchor  date=F tod=F
      [45]     2 frame(s)  2017-01-01 00:00 → 2017-01-01 00:00  coherent  OUT-OF-WINDOW
            → unrepairable_pending_anchor  date=F tod=F
      [46]     4 frame(s)  2017-01-01 00:00 → 2017-01-01 11:31  coherent  OUT-OF-WINDOW
            → unrepairable_pending_anchor  date=F tod=F
      [47]    19 frame(s)  2017-01-01 00:00 → 2017-01-01 01:15  coherent  OUT-OF-WINDOW
            → unrepairable_pending_anchor  date=F tod=F
      [48]    12 frame(s)  2017-01-01 00:00 → 2017-01-01 05:57  coherent  OUT-OF-WINDOW
            → unrepairable_pending_anchor  date=F tod=F
      [49]     2 frame(s)  2017-01-01 00:00 → 2017-01-01 00:00  coherent  OUT-OF-WINDOW
            → unrepairable_pending_anchor  date=F tod=F
      [50]     3 frame(s)  2017-01-01 00:00 → 2017-01-01 00:00  coherent  OUT-OF-WINDOW
            → unrepairable_pending_anchor  date=F tod=F
      [51]     3 frame(s)  2017-01-01 00:00 → 2017-01-01 00:00  coherent  OUT-OF-WINDOW
            → unrepairable_pending_anchor  date=F tod=F
      [52]     5 frame(s)  2017-01-01 00:00 → 2017-01-01 00:24  coherent  OUT-OF-WINDOW
            → unrepairable_pending_anchor  date=F tod=F
      [53]     4 frame(s)  2017-01-01 00:00 → 2017-01-01 12:41  coherent  OUT-OF-WINDOW
            → unrepairable_pending_anchor  date=F tod=F
      [54]     5 frame(s)  2017-01-01 00:00 → 2017-01-01 00:00  coherent  OUT-OF-WINDOW
            → unrepairable_pending_anchor  date=F tod=F
      [55]     2 frame(s)  2017-01-01 00:00 → 2017-01-01 00:00  coherent  OUT-OF-WINDOW
            → unrepairable_pending_anchor  date=F tod=F
      [56]     6 frame(s)  2017-01-01 00:00 → 2017-01-01 15:24  INCOHERENT  OUT-OF-WINDOW
            → unrepairable_pending_anchor  date=F tod=F
      [57]     2 frame(s)  2017-01-01 00:00 → 2017-01-01 00:00  coherent  OUT-OF-WINDOW
            → unrepairable_pending_anchor  date=F tod=F
      [58]     2 frame(s)  2017-01-01 00:00 → 2017-01-01 00:00  coherent  OUT-OF-WINDOW
            → unrepairable_pending_anchor  date=F tod=F
      [59]     3 frame(s)  2017-01-01 00:00 → 2017-01-01 00:00  coherent  OUT-OF-WINDOW
            → unrepairable_pending_anchor  date=F tod=F
      [60]     4 frame(s)  2017-01-01 00:00 → 2017-01-01 00:08  INCOHERENT  OUT-OF-WINDOW
            → unrepairable_pending_anchor  date=F tod=F
      [61]     2 frame(s)  2017-01-01 00:00 → 2017-01-01 00:00  coherent  OUT-OF-WINDOW
            → unrepairable_pending_anchor  date=F tod=F
      [62]     2 frame(s)  2017-01-01 00:00 → 2017-01-01 00:00  coherent  OUT-OF-WINDOW
            → unrepairable_pending_anchor  date=F tod=F
      [63]     2 frame(s)  2017-01-01 00:00 → 2017-01-01 00:00  coherent  OUT-OF-WINDOW
            → unrepairable_pending_anchor  date=F tod=F
      [64]     4 frame(s)  2017-01-01 00:00 → 2017-01-01 00:00  coherent  OUT-OF-WINDOW
            → unrepairable_pending_anchor  date=F tod=F
      [65]     6 frame(s)  2017-01-01 00:00 → 2017-01-01 14:07  coherent  OUT-OF-WINDOW
            → unrepairable_pending_anchor  date=F tod=F
      [66]     2 frame(s)  2017-01-01 00:00 → 2017-01-01 00:00  coherent  OUT-OF-WINDOW
            → unrepairable_pending_anchor  date=F tod=F
      [67]     7 frame(s)  2017-01-01 00:00 → 2017-01-01 00:00  coherent  OUT-OF-WINDOW
            → unrepairable_pending_anchor  date=F tod=F
    unaccounted_days: 100.11 (AUDIT DIAGNOSTIC ONLY — never a criterion)
    valid_effort: FALSE — exclude this station from rate DENOMINATORS as well as numerators
    reviewed rows by method: {'unrepairable_pending_anchor': 101}

Stations with a clean clock (15): CT01, CT02, CT03, CT04, CT05, CT06, CT07, CT09, CT11, CT12, CT14, CT17, CT18, CT20, CT23
  of which 1 could not be ordered but show no clock failure (CT04) — every frame is in-window and agrees with its own filename, so there is no reset to attribute

Notes and warnings:
  ! CT03: 3 filename/DateTime mismatch(es) forgiven as day-boundary naming artefacts (within 120s of midnight) — the clock crossed a day while writing the file, which is not a corrupt date register
  ! CT04: 723 frame(s) have no DCIM folder while others do — the manifest describes this deployment only partially, so capture order cannot be trusted
  ! CT04: capture order not established, but no clock failure is detectable: every frame is in-window and agrees with its own filename
  ! CT08: 42 frame(s) fall outside the deployment window
  ! CT08: segment(s) [0, 1] have unknown dates, so the station contributes no effort at all — exclude it from rate denominators, not just numerators
  ! CT08: 12.41 day(s) of the deployment window are unaccounted for by any segment (diagnostic only)
  ! CT10: 9 frame(s) fall outside the deployment window
  ! CT10: segment(s) [0, 1] have unknown dates, so the station contributes no effort at all — exclude it from rate denominators, not just numerators
  ! CT10: 10.63 day(s) of the deployment window are unaccounted for by any segment (diagnostic only)
  ! CT13: segment(s) [0, 1] have unknown dates, so the station contributes no effort at all — exclude it from rate denominators, not just numerators
  ! CT13: 5.87 day(s) of the deployment window are unaccounted for by any segment (diagnostic only)
  ! CT15: 39/195 frame(s) disagree between filename MMDD and DateTime — the date registers are corrupt, so the clock may not tick coherently even within a segment
  ! CT15: 180 frame(s) fall outside the deployment window
  ! CT15: segment(s) [0, 1, 2, 3, 4, 5, 6, 7, 8, 9, 10, 11, 12] have unknown dates, so the station contributes no effort at all — exclude it from rate denominators, not just numerators
  ! CT15: 32.49 day(s) of the deployment window are unaccounted for by any segment (diagnostic only)
  ! CT16: 18/72 frame(s) disagree between filename MMDD and DateTime — the date registers are corrupt, so the clock may not tick coherently even within a segment
  ! CT16: 66 frame(s) fall outside the deployment window
  ! CT16: segment(s) [0, 1, 2, 3, 4, 5, 6, 7] have unknown dates, so the station contributes no effort at all — exclude it from rate denominators, not just numerators
  ! CT16: 38.25 day(s) of the deployment window are unaccounted for by any segment (diagnostic only)
  ! CT19: 61/373 frame(s) disagree between filename MMDD and DateTime — the date registers are corrupt, so the clock may not tick coherently even within a segment
  ! CT19: 373 frame(s) fall outside the deployment window
  ! CT19: unrepairable_pending anchor present (IMAGES CHECKED 2026-08-20 — do not re-check. 03100001/2/3.JPG are BLANK, no technician, and MegaDetector finds no detection of any kind on the 0310 prefix. Clock was already dead at install and the camera reset to factory 68 times, 66 segments incoherent, so a single notebook date would not repair it either. Filename MMDD says 03-10 and otono_2025's installs ran progressively (CT08 2024-09-09 through CT23 2025-02-05), which places the install around 2025-03-10 — an inference from the camera's own file naming, NOT evidence. Retrieval is bounded only: primavera CT19 06060001.JPG is 2025-06-06 03:37 with no technician, so it is a wildlife trigger and gives an upper bound, not an anchor (Felipe, 2026-08-20).) — awaiting field info
