=== Timestamp audit: campaign primavera_2025 ===
Export gate:
  observationType over 16904 row(s):
      blank            15634
      animal             744
      human              399
      vehicle            127
    verdict: full_category_sweep

Reviewed rows:                      744
  Clean (no repair needed):         705
  Repaired (exact anchor):          0
  Repaired (approximate anchor):    0
  Unrepairable:                     39
  Unparseable datetime:             0
  Stations with unknowable effort:  4

── Stations with a clock failure ──────────────────────────────────────────────
  CT08 — 2434 still(s), 0 video(s) excluded, 0 unparseable, 0 anchor(s)
    capture order: established (evidence: dcim_manifest+counter)
    deployment window: 2025-06-02 12:00 → 2026-01-16 12:00
    segments: 1
      [0]  2434 frame(s)  2025-08-13 08:54 → 2026-01-13 12:46  INCOHERENT  in-window
            → segment_incoherent:filename_mmdd_disagrees_with_datetime  date=F tod=F
    unaccounted_days: 74.84 (AUDIT DIAGNOSTIC ONLY — never a criterion)
    valid_effort: FALSE — exclude this station from rate DENOMINATORS as well as numerators
    reviewed rows by method: {'segment_incoherent:filename_mmdd_disagrees_with_datetime': 21}
  CT16 — 66 still(s), 0 video(s) excluded, 0 unparseable, 1 anchor(s)
    capture order: established (evidence: counter)
    deployment window: 2025-06-06 12:00 → 2025-11-28 12:00
    segments: 4
      [0]     6 frame(s)  2025-06-09 16:19 → 2025-07-04 12:15  INCOHERENT  in-window
            → unrepairable_pending_anchor  date=F tod=F
      [1]     3 frame(s)  2017-01-01 00:00 → 2017-01-01 00:00  coherent  OUT-OF-WINDOW
            → unrepairable_pending_anchor  date=F tod=F
      [2]     3 frame(s)  2017-01-01 00:00 → 2017-01-01 00:00  coherent  OUT-OF-WINDOW
            → unrepairable_pending_anchor  date=F tod=F
      [3]    54 frame(s)  2017-01-01 00:00 → 2017-05-10 23:33  INCOHERENT  OUT-OF-WINDOW
            → unrepairable_pending_anchor  date=F tod=F
    unaccounted_days: 20.19 (AUDIT DIAGNOSTIC ONLY — never a criterion)
    valid_effort: FALSE — exclude this station from rate DENOMINATORS as well as numerators
    reviewed rows by method: {'unrepairable_pending_anchor': 1}
  CT17 — 7 still(s), 0 video(s) excluded, 0 unparseable, 0 anchor(s)
    capture order: established (evidence: counter)
    deployment window: 2025-06-03 12:00 → 2026-01-11 12:00
    segments: 2
      [0]     5 frame(s)  2025-06-04 14:58 → 2025-08-17 08:43  coherent  in-window
            → no_anchor_in_segment  date=F tod=F
      [1]     2 frame(s)  2017-01-01 00:00 → 2017-01-01 00:00  coherent  OUT-OF-WINDOW
            → no_anchor_in_segment  date=F tod=F
    unaccounted_days: 148.26 (AUDIT DIAGNOSTIC ONLY — never a criterion)
    valid_effort: FALSE — exclude this station from rate DENOMINATORS as well as numerators
  CT18 — 67 still(s), 0 video(s) excluded, 0 unparseable, 0 anchor(s)
    capture order: established (evidence: counter)
    deployment window: 2025-06-07 12:00 → 2025-11-17 12:00
    segments: 1
      [0]    67 frame(s)  2025-06-10 15:50 → 2025-09-12 03:53  INCOHERENT  in-window
            → segment_incoherent:filename_mmdd_disagrees_with_datetime  date=F tod=F
    unaccounted_days: 69.5 (AUDIT DIAGNOSTIC ONLY — never a criterion)
    valid_effort: FALSE — exclude this station from rate DENOMINATORS as well as numerators
    reviewed rows by method: {'segment_incoherent:filename_mmdd_disagrees_with_datetime': 17}

Stations with a clean clock (22): CT01, CT02, CT03, CT04, CT05, CT06, CT07, CT09, CT10, CT11, CT12, CT13, CT14, CT15, CT19, CT20, CT21, CT22, CT23, CT24, CT25, CT26
  of which 2 could not be ordered but show no clock failure (CT22, CT23) — every frame is in-window and agrees with its own filename, so there is no reset to attribute

── Capture-order evidence, all 26 station(s) ────────────────────────────────────────
  dcim_manifest+counter    4 station(s)  CT02, CT08, CT11, CT14
  counter                 21 station(s)  CT01, CT03, CT04, CT05, CT06, CT07, CT09, CT10, CT12, CT13, CT15, CT16, CT17, CT18, CT19, CT20, CT21, CT23, CT24, CT25, CT26
  none                     1 station(s)  CT22
  DCIM manifest covers 4 of 26 station(s); the rest are ordered from the filename counter alone, which is sufficient unless it collides
  order NOT established for 2: CT22, CT23 — see scripts/verify_order.py, and 4B.3: this does not condemn a camera

Notes and warnings:
  ! CT08: 5 filename/DateTime mismatch(es) forgiven as day-boundary naming artefacts (within 120s of midnight) — the clock crossed a day while writing the file, which is not a corrupt date register
  ! CT08: 2/2434 frame(s) disagree between filename MMDD and DateTime — the date registers are corrupt, so the clock may not tick coherently even within a segment
  ! CT08: segment(s) [0] have unknown dates, so the station contributes no effort at all — exclude it from rate denominators, not just numerators
  ! CT08: 74.84 day(s) of the deployment window are unaccounted for by any segment (diagnostic only)
  ! CT16: 57/66 frame(s) disagree between filename MMDD and DateTime — the date registers are corrupt, so the clock may not tick coherently even within a segment
  ! CT16: 60 frame(s) fall outside the deployment window
  ! CT16: unrepairable_pending anchor present (TC-16 chronic clock-reset offender; 68 bogus rows 2017-01-01 to 2017-05-10; all have empty scientificName so downstream species filters exclude them. Install CONFIRMED 2025-06-09 16:19 by technician photo in 00300001.JPG, matching segment 0's stamp to the minute — but segments 0 and 3 are INCOHERENT (filenames disagree with their own stamps away from midnight), so no single offset describes them and a confirmed date does not repair them. Corroborated, not fixed.) — awaiting field info
  ! CT17: 2 frame(s) fall outside the deployment window
  ! CT17: segment(s) [0, 1] have unknown dates, so the station contributes no effort at all — exclude it from rate denominators, not just numerators
  ! CT17: 148.26 day(s) of the deployment window are unaccounted for by any segment (diagnostic only)
  ! CT18: 67/67 frame(s) disagree between filename MMDD and DateTime — the date registers are corrupt, so the clock may not tick coherently even within a segment
  ! CT18: segment(s) [0] have unknown dates, so the station contributes no effort at all — exclude it from rate denominators, not just numerators
  ! CT18: 69.5 day(s) of the deployment window are unaccounted for by any segment (diagnostic only)
  ! CT22: 18 filename(s) do not match the MMDD+counter grammar, so no counter order can be derived from them
  ! CT22: capture order not established, but no clock failure is detectable: every frame is in-window and agrees with its own filename
  ! CT23: 802 colliding filename counter(s) and no DCIM manifest — the counter is per-folder and wraps at 999, so capture order is not recoverable from filenames alone
  ! CT23: 2 filename/DateTime mismatch(es) forgiven as day-boundary naming artefacts (within 120s of midnight) — the clock crossed a day while writing the file, which is not a corrupt date register
  ! CT23: capture order not established, but no clock failure is detectable: every frame is in-window and agrees with its own filename
